Copyright 1986-2022 Xilinx, Inc. All Rights Reserved. Copyright 2022-2024 Advanced Micro Devices, Inc. All Rights Reserved.
----------------------------------------------------------------------------------------------------------------------------------------------------------------------------------------
| Tool Version     : Vivado v.2024.2 (lin64) Build 5239630 Fri Nov 08 22:34:34 MST 2024
| Date             : Sat Feb 22 12:21:40 2025
| Host             : zen running 64-bit Ubuntu 24.04.1 LTS
| Command          : report_power -file xilinx_pcie4_uscale_ep_power_routed.rpt -pb xilinx_pcie4_uscale_ep_power_summary_routed.pb -rpx xilinx_pcie4_uscale_ep_power_routed.rpx
| Design           : xilinx_pcie4_uscale_ep
| Device           : xczu7ev-ffvc1156-2-e
| Design State     : routed
| Grade            : extended
| Process          : typical
| Characterization : Production
----------------------------------------------------------------------------------------------------------------------------------------------------------------------------------------

Power Report

Table of Contents
-----------------
1. Summary
1.1 On-Chip Components
1.2 Power Supply Summary
1.3 Confidence Level
2. Settings
2.1 Environment
2.2 Clock Constraints
3. Detailed Reports
3.1 By Hierarchy

1. Summary
----------

+--------------------------+--------------+
| Total On-Chip Power (W)  | 2.069        |
| Design Power Budget (W)  | Unspecified* |
| Power Budget Margin (W)  | NA           |
| Dynamic (W)              | 1.433        |
| Device Static (W)        | 0.636        |
| Effective TJA (C/W)      | 1.0          |
| Max Ambient (C)          | 98.0         |
| Junction Temperature (C) | 27.0         |
| Confidence Level         | Medium       |
| Setting File             | ---          |
| Simulation Activity File | ---          |
| Design Nets Matched      | NA           |
+--------------------------+--------------+
* Specify Design Power Budget using, set_operating_conditions -design_power_budget <value in Watts>


1.1 On-Chip Components
----------------------

+-------------------------+-----------+----------+-----------+-----------------+
| On-Chip                 | Power (W) | Used     | Available | Utilization (%) |
+-------------------------+-----------+----------+-----------+-----------------+
| Clocks                  |     0.050 |       20 |       --- |             --- |
| CLB Logic               |     0.014 |    10475 |       --- |             --- |
|   LUT as Logic          |     0.011 |     2793 |    230400 |            1.21 |
|   Register              |     0.003 |     6296 |    460800 |            1.37 |
|   CARRY8                |    <0.001 |       69 |     28800 |            0.24 |
|   LUT as Shift Register |    <0.001 |       11 |    101760 |            0.01 |
|   Others                |     0.000 |      521 |       --- |             --- |
| Signals                 |     0.047 |    10690 |       --- |             --- |
| Block RAM               |     0.172 |       30 |       312 |            9.62 |
| I/O                     |     0.011 |        8 |       360 |            2.22 |
| GTH                     |     0.981 |        4 |        20 |           20.00 |
| Hard IPs                |     0.157 |        1 |       --- |             --- |
|   PCIE                  |     0.157 |        1 |       --- |             --- |
| Static Power            |     0.636 |          |           |                 |
| Total                   |     2.069 |          |           |                 |
+-------------------------+-----------+----------+-----------+-----------------+


1.2 Power Supply Summary
------------------------

+-----------------+-------------+-----------+-------------+------------+-------------+-------------+------------+
| Source          | Voltage (V) | Total (A) | Dynamic (A) | Static (A) | Powerup (A) | Budget (A)  | Margin (A) |
+-----------------+-------------+-----------+-------------+------------+-------------+-------------+------------+
| Vccint          |       0.850 |     0.808 |       0.664 |      0.144 |       NA    | Unspecified | NA         |
| Vccint_io       |       0.850 |     0.071 |       0.001 |      0.070 |       NA    | Unspecified | NA         |
| Vccbram         |       0.850 |     0.031 |       0.029 |      0.002 |       NA    | Unspecified | NA         |
| Vccaux          |       1.800 |     0.148 |       0.000 |      0.148 |       NA    | Unspecified | NA         |
| Vccaux_io       |       1.800 |     0.060 |       0.005 |      0.055 |       NA    | Unspecified | NA         |
| Vcco33          |       3.300 |     0.000 |       0.000 |      0.000 |       NA    | Unspecified | NA         |
| Vcco25          |       2.500 |     0.000 |       0.000 |      0.000 |       NA    | Unspecified | NA         |
| Vcco18          |       1.800 |     0.000 |       0.000 |      0.000 |       NA    | Unspecified | NA         |
| Vcco15          |       1.500 |     0.000 |       0.000 |      0.000 |       NA    | Unspecified | NA         |
| Vcco135         |       1.350 |     0.000 |       0.000 |      0.000 |       NA    | Unspecified | NA         |
| Vcco12          |       1.200 |     0.001 |       0.001 |      0.000 |       NA    | Unspecified | NA         |
| Vcco10          |       1.000 |     0.000 |       0.000 |      0.000 |       NA    | Unspecified | NA         |
| Vccadc          |       1.800 |     0.008 |       0.000 |      0.008 |       NA    | Unspecified | NA         |
| VCC_PSINTFP     |       0.850 |     0.000 |       0.000 |      0.000 |       NA    | Unspecified | NA         |
| VCC_PSINTLP     |       0.850 |     0.005 |       0.000 |      0.005 |       NA    | Unspecified | NA         |
| VPS_MGTRAVCC    |       0.850 |     0.000 |       0.000 |      0.000 |       NA    | Unspecified | NA         |
| VCC_PSINTFP_DDR |       0.850 |     0.000 |       0.000 |      0.000 |       NA    | Unspecified | NA         |
| VCC_PSPLL       |       1.200 |     0.002 |       0.000 |      0.002 |       NA    | Unspecified | NA         |
| VPS_MGTRAVTT    |       1.800 |     0.000 |       0.000 |      0.000 |       NA    | Unspecified | NA         |
| VCCO_PSDDR_504  |       1.200 |     0.000 |       0.000 |      0.000 |       NA    | Unspecified | NA         |
| VCC_PSAUX       |       1.800 |     0.002 |       0.000 |      0.002 |       NA    | Unspecified | NA         |
| VCC_PSBATT      |       1.200 |     0.000 |       0.000 |      0.000 |       NA    | Unspecified | NA         |
| VCC_PSDDR_PLL   |       1.800 |     0.000 |       0.000 |      0.000 |       NA    | Unspecified | NA         |
| VCCO_PSIO0_500  |       3.300 |     0.000 |       0.000 |      0.000 |       NA    | Unspecified | NA         |
| VCCO_PSIO1_501  |       3.300 |     0.000 |       0.000 |      0.000 |       NA    | Unspecified | NA         |
| VCCO_PSIO2_502  |       3.300 |     0.000 |       0.000 |      0.000 |       NA    | Unspecified | NA         |
| VCCO_PSIO3_503  |       3.300 |     0.000 |       0.000 |      0.000 |       NA    | Unspecified | NA         |
| VCC_PSADC       |       1.800 |     0.002 |       0.000 |      0.002 |       NA    | Unspecified | NA         |
| VCCINT_VCU      |       0.900 |     0.026 |       0.000 |      0.026 |       NA    | Unspecified | NA         |
| MGTAVcc         |       0.900 |     0.272 |       0.261 |      0.010 |       NA    | Unspecified | NA         |
| MGTAVtt         |       1.200 |     0.503 |       0.480 |      0.023 |       NA    | Unspecified | NA         |
| MGTVccaux       |       1.800 |     0.012 |       0.012 |      0.000 |       NA    | Unspecified | NA         |
+-----------------+-------------+-----------+-------------+------------+-------------+-------------+------------+


1.3 Confidence Level
--------------------

+-----------------------------+------------+------------------------------------------------+------------------------------------------------------------------------------------------------------------+
| User Input Data             | Confidence | Details                                        | Action                                                                                                     |
+-----------------------------+------------+------------------------------------------------+------------------------------------------------------------------------------------------------------------+
| Design implementation state | High       | Design is routed                               |                                                                                                            |
| Clock nodes activity        | High       | User specified more than 95% of clocks         |                                                                                                            |
| I/O nodes activity          | High       | User specified more than 95% of inputs         |                                                                                                            |
| Internal nodes activity     | Medium     | User specified less than 25% of internal nodes | Provide missing internal nodes activity with simulation results or by editing the "By Resource Type" views |
| Device models               | High       | Device models are Production                   |                                                                                                            |
|                             |            |                                                |                                                                                                            |
| Overall confidence level    | Medium     |                                                |                                                                                                            |
+-----------------------------+------------+------------------------------------------------+------------------------------------------------------------------------------------------------------------+


2. Settings
-----------

2.1 Environment
---------------

+-----------------------+--------------------------+
| Ambient Temp (C)      | 25.0                     |
| ThetaJA (C/W)         | 1.0                      |
| Airflow (LFM)         | 250                      |
| Heat Sink             | medium (Medium Profile)  |
| ThetaSA (C/W)         | 1.5                      |
| Board Selection       | medium (10"x10")         |
| # of Board Layers     | 12to15 (12 to 15 Layers) |
| Board Temperature (C) | 25.0                     |
+-----------------------+--------------------------+


2.2 Clock Constraints
---------------------

+--------------------------------------------------------------------------------------------------------------------------------------------------------------------------------------------------------------------------------------------------------------------------------------------------------------------------------------------------------------------------------------------------------------------------+-----------------------------------------------------------------------------------------------------------------------------------------------------------------------------------------------------------------------------------------------------------------------------------------------------------------------------------------------------------------------------------------------------------+-----------------+
| Clock                                                                                                                                                                                                                                                                                                                                                                                                                    | Domain                                                                                                                                                                                                                                                                                                                                                                                                    | Constraint (ns) |
+--------------------------------------------------------------------------------------------------------------------------------------------------------------------------------------------------------------------------------------------------------------------------------------------------------------------------------------------------------------------------------------------------------------------------+-----------------------------------------------------------------------------------------------------------------------------------------------------------------------------------------------------------------------------------------------------------------------------------------------------------------------------------------------------------------------------------------------------------+-----------------+
| GTHE4_CHANNEL_TXOUTCLK[0]                                                                                                                                                                                                                                                                                                                                                                                                | pcie4_uscale_plus_0_i/inst/pcie4_uscale_plus_0_gt_top_i/diablo_gt.diablo_gt_phy_wrapper/gt_wizard.gtwizard_top_i/pcie4_uscale_plus_0_gt_i/inst/gen_gtwizard_gthe4_top.pcie4_uscale_plus_0_gt_gtwizard_gthe4_inst/gen_gtwizard_gthe4.gen_channel_container[1].gen_enabled_channel.gthe4_channel_wrapper_inst/channel_inst/GTHE4_CHANNEL_TXOUTCLK[0]                                                        |             2.0 |
| GTHE4_CHANNEL_TXOUTCLK[1]                                                                                                                                                                                                                                                                                                                                                                                                | pcie4_uscale_plus_0_i/inst/pcie4_uscale_plus_0_gt_top_i/diablo_gt.diablo_gt_phy_wrapper/gt_wizard.gtwizard_top_i/pcie4_uscale_plus_0_gt_i/inst/gen_gtwizard_gthe4_top.pcie4_uscale_plus_0_gt_gtwizard_gthe4_inst/gen_gtwizard_gthe4.gen_channel_container[1].gen_enabled_channel.gthe4_channel_wrapper_inst/channel_inst/GTHE4_CHANNEL_TXOUTCLK[1]                                                        |             2.0 |
| GTHE4_CHANNEL_TXOUTCLK[2]                                                                                                                                                                                                                                                                                                                                                                                                | pcie4_uscale_plus_0_i/inst/pcie4_uscale_plus_0_gt_top_i/diablo_gt.diablo_gt_phy_wrapper/gt_wizard.gtwizard_top_i/pcie4_uscale_plus_0_gt_i/inst/gen_gtwizard_gthe4_top.pcie4_uscale_plus_0_gt_gtwizard_gthe4_inst/gen_gtwizard_gthe4.gen_channel_container[1].gen_enabled_channel.gthe4_channel_wrapper_inst/channel_inst/GTHE4_CHANNEL_TXOUTCLK[2]                                                        |             2.0 |
| GTHE4_CHANNEL_TXOUTCLK[3]                                                                                                                                                                                                                                                                                                                                                                                                | pcie4_uscale_plus_0_i/inst/pcie4_uscale_plus_0_gt_top_i/diablo_gt.diablo_gt_phy_wrapper/gt_wizard.gtwizard_top_i/pcie4_uscale_plus_0_gt_i/inst/gen_gtwizard_gthe4_top.pcie4_uscale_plus_0_gt_gtwizard_gthe4_inst/gen_gtwizard_gthe4.gen_channel_container[1].gen_enabled_channel.gthe4_channel_wrapper_inst/channel_inst/GTHE4_CHANNEL_TXOUTCLK[3]                                                        |             2.0 |
| pcie4_uscale_plus_0_gt_top_i_n_31                                                                                                                                                                                                                                                                                                                                                                                        | pcie4_uscale_plus_0_i/inst/pcie4_uscale_plus_0_gt_top_i/diablo_gt.diablo_gt_phy_wrapper/phy_clk_i/PHY_MCAPCLK                                                                                                                                                                                                                                                                                             |             8.0 |
| pcie4_uscale_plus_0_i/inst/pcie4_uscale_plus_0_gt_top_i/diablo_gt.diablo_gt_phy_wrapper/gt_wizard.gtwizard_top_i/pcie4_uscale_plus_0_gt_i/inst/gen_gtwizard_gthe4_top.pcie4_uscale_plus_0_gt_gtwizard_gthe4_inst/gen_gtwizard_gthe4.gen_cpll_cal_gthe4.gen_cpll_cal_inst[0].gen_inst_cpll_cal.gtwizard_ultrascale_v1_7_19_gthe4_cpll_cal_inst/gtwizard_ultrascale_v1_7_19_gthe4_cpll_cal_tx_i/bufg_gt_txoutclkmon_inst/O | pcie4_uscale_plus_0_i/inst/pcie4_uscale_plus_0_gt_top_i/diablo_gt.diablo_gt_phy_wrapper/gt_wizard.gtwizard_top_i/pcie4_uscale_plus_0_gt_i/inst/gen_gtwizard_gthe4_top.pcie4_uscale_plus_0_gt_gtwizard_gthe4_inst/gen_gtwizard_gthe4.gen_cpll_cal_gthe4.gen_cpll_cal_inst[0].gen_inst_cpll_cal.gtwizard_ultrascale_v1_7_19_gthe4_cpll_cal_inst/gtwizard_ultrascale_v1_7_19_gthe4_cpll_cal_tx_i/txoutclkmon |             8.0 |
| pcie4_uscale_plus_0_i/inst/pcie4_uscale_plus_0_gt_top_i/diablo_gt.diablo_gt_phy_wrapper/gt_wizard.gtwizard_top_i/pcie4_uscale_plus_0_gt_i/inst/gen_gtwizard_gthe4_top.pcie4_uscale_plus_0_gt_gtwizard_gthe4_inst/gen_gtwizard_gthe4.gen_cpll_cal_gthe4.gen_cpll_cal_inst[1].gen_inst_cpll_cal.gtwizard_ultrascale_v1_7_19_gthe4_cpll_cal_inst/gtwizard_ultrascale_v1_7_19_gthe4_cpll_cal_tx_i/bufg_gt_txoutclkmon_inst/O | pcie4_uscale_plus_0_i/inst/pcie4_uscale_plus_0_gt_top_i/diablo_gt.diablo_gt_phy_wrapper/gt_wizard.gtwizard_top_i/pcie4_uscale_plus_0_gt_i/inst/gen_gtwizard_gthe4_top.pcie4_uscale_plus_0_gt_gtwizard_gthe4_inst/gen_gtwizard_gthe4.gen_cpll_cal_gthe4.gen_cpll_cal_inst[1].gen_inst_cpll_cal.gtwizard_ultrascale_v1_7_19_gthe4_cpll_cal_inst/gtwizard_ultrascale_v1_7_19_gthe4_cpll_cal_tx_i/txoutclkmon |             8.0 |
| pcie4_uscale_plus_0_i/inst/pcie4_uscale_plus_0_gt_top_i/diablo_gt.diablo_gt_phy_wrapper/gt_wizard.gtwizard_top_i/pcie4_uscale_plus_0_gt_i/inst/gen_gtwizard_gthe4_top.pcie4_uscale_plus_0_gt_gtwizard_gthe4_inst/gen_gtwizard_gthe4.gen_cpll_cal_gthe4.gen_cpll_cal_inst[2].gen_inst_cpll_cal.gtwizard_ultrascale_v1_7_19_gthe4_cpll_cal_inst/gtwizard_ultrascale_v1_7_19_gthe4_cpll_cal_tx_i/bufg_gt_txoutclkmon_inst/O | pcie4_uscale_plus_0_i/inst/pcie4_uscale_plus_0_gt_top_i/diablo_gt.diablo_gt_phy_wrapper/gt_wizard.gtwizard_top_i/pcie4_uscale_plus_0_gt_i/inst/gen_gtwizard_gthe4_top.pcie4_uscale_plus_0_gt_gtwizard_gthe4_inst/gen_gtwizard_gthe4.gen_cpll_cal_gthe4.gen_cpll_cal_inst[2].gen_inst_cpll_cal.gtwizard_ultrascale_v1_7_19_gthe4_cpll_cal_inst/gtwizard_ultrascale_v1_7_19_gthe4_cpll_cal_tx_i/txoutclkmon |             8.0 |
| pcie4_uscale_plus_0_i/inst/pcie4_uscale_plus_0_gt_top_i/diablo_gt.diablo_gt_phy_wrapper/gt_wizard.gtwizard_top_i/pcie4_uscale_plus_0_gt_i/inst/gen_gtwizard_gthe4_top.pcie4_uscale_plus_0_gt_gtwizard_gthe4_inst/gen_gtwizard_gthe4.gen_cpll_cal_gthe4.gen_cpll_cal_inst[3].gen_inst_cpll_cal.gtwizard_ultrascale_v1_7_19_gthe4_cpll_cal_inst/gtwizard_ultrascale_v1_7_19_gthe4_cpll_cal_tx_i/bufg_gt_txoutclkmon_inst/O | pcie4_uscale_plus_0_i/inst/pcie4_uscale_plus_0_gt_top_i/diablo_gt.diablo_gt_phy_wrapper/gt_wizard.gtwizard_top_i/pcie4_uscale_plus_0_gt_i/inst/gen_gtwizard_gthe4_top.pcie4_uscale_plus_0_gt_gtwizard_gthe4_inst/gen_gtwizard_gthe4.gen_cpll_cal_gthe4.gen_cpll_cal_inst[3].gen_inst_cpll_cal.gtwizard_ultrascale_v1_7_19_gthe4_cpll_cal_inst/gtwizard_ultrascale_v1_7_19_gthe4_cpll_cal_tx_i/txoutclkmon |             8.0 |
| pcie4_uscale_plus_0_i/inst/pcie4_uscale_plus_0_gt_top_i/diablo_gt.diablo_gt_phy_wrapper/phy_clk_i/bufg_gt_intclk/O                                                                                                                                                                                                                                                                                                       | pcie4_uscale_plus_0_i/inst/pcie4_uscale_plus_0_gt_top_i/diablo_gt.diablo_gt_phy_wrapper/phy_clk_i/CLK_INTCLK                                                                                                                                                                                                                                                                                              |          1000.0 |
| pipe_clk                                                                                                                                                                                                                                                                                                                                                                                                                 | pcie4_uscale_plus_0_i/inst/pcie4_uscale_plus_0_gt_top_i/diablo_gt.diablo_gt_phy_wrapper/phy_clk_i/CLK_PCLK2_GT                                                                                                                                                                                                                                                                                            |             4.0 |
| qpll0outclk_out[0]                                                                                                                                                                                                                                                                                                                                                                                                       | pcie4_uscale_plus_0_i/inst/pcie4_uscale_plus_0_gt_top_i/diablo_gt.diablo_gt_phy_wrapper/gt_wizard.gtwizard_top_i/pcie4_uscale_plus_0_gt_i/inst/gen_gtwizard_gthe4_top.pcie4_uscale_plus_0_gt_gtwizard_gthe4_inst/gen_gtwizard_gthe4.gen_common.gen_common_container[1].gen_enabled_common.gthe4_common_wrapper_inst/common_inst/qpll0outclk_out[0]                                                        |             0.2 |
| qpll0outrefclk_out[0]                                                                                                                                                                                                                                                                                                                                                                                                    | pcie4_uscale_plus_0_i/inst/pcie4_uscale_plus_0_gt_top_i/diablo_gt.diablo_gt_phy_wrapper/gt_wizard.gtwizard_top_i/pcie4_uscale_plus_0_gt_i/inst/gen_gtwizard_gthe4_top.pcie4_uscale_plus_0_gt_gtwizard_gthe4_inst/gen_gtwizard_gthe4.gen_common.gen_common_container[1].gen_enabled_common.gthe4_common_wrapper_inst/common_inst/qpll0outrefclk_out[0]                                                     |            10.0 |
| qpll1outclk_out[0]                                                                                                                                                                                                                                                                                                                                                                                                       | pcie4_uscale_plus_0_i/inst/pcie4_uscale_plus_0_gt_top_i/diablo_gt.diablo_gt_phy_wrapper/gt_wizard.gtwizard_top_i/pcie4_uscale_plus_0_gt_i/inst/gen_gtwizard_gthe4_top.pcie4_uscale_plus_0_gt_gtwizard_gthe4_inst/gen_gtwizard_gthe4.gen_common.gen_common_container[1].gen_enabled_common.gthe4_common_wrapper_inst/common_inst/qpll1outclk_out[0]                                                        |             0.2 |
| qpll1outrefclk_out[0]                                                                                                                                                                                                                                                                                                                                                                                                    | pcie4_uscale_plus_0_i/inst/pcie4_uscale_plus_0_gt_top_i/diablo_gt.diablo_gt_phy_wrapper/gt_wizard.gtwizard_top_i/pcie4_uscale_plus_0_gt_i/inst/gen_gtwizard_gthe4_top.pcie4_uscale_plus_0_gt_gtwizard_gthe4_inst/gen_gtwizard_gthe4.gen_common.gen_common_container[1].gen_enabled_common.gthe4_common_wrapper_inst/common_inst/qpll1outrefclk_out[0]                                                     |            10.0 |
| sys_clk                                                                                                                                                                                                                                                                                                                                                                                                                  | sys_clk_p                                                                                                                                                                                                                                                                                                                                                                                                 |            10.0 |
| user_clk                                                                                                                                                                                                                                                                                                                                                                                                                 | pcie4_uscale_plus_0_i/inst/pcie4_uscale_plus_0_gt_top_i/diablo_gt.diablo_gt_phy_wrapper/phy_clk_i/PHY_CORECLK                                                                                                                                                                                                                                                                                             |             4.0 |
+--------------------------------------------------------------------------------------------------------------------------------------------------------------------------------------------------------------------------------------------------------------------------------------------------------------------------------------------------------------------------------------------------------------------------+-----------------------------------------------------------------------------------------------------------------------------------------------------------------------------------------------------------------------------------------------------------------------------------------------------------------------------------------------------------------------------------------------------------+-----------------+


3. Detailed Reports
-------------------

3.1 By Hierarchy
----------------

+----------------------------------------------+-----------+
| Name                                         | Power (W) |
+----------------------------------------------+-----------+
| xilinx_pcie4_uscale_ep                       |     1.433 |
|   pcie4_uscale_plus_0_i                      |     1.369 |
|     inst                                     |     1.369 |
|       pcie4_uscale_plus_0_gt_top_i           |     1.017 |
|       pcie4_uscale_plus_0_pcie_4_0_pipe_inst |     0.351 |
|   pcie_app_uscale_i                          |     0.058 |
|     PIO_i                                    |     0.052 |
|       pio_ep                                 |     0.052 |
+----------------------------------------------+-----------+


